// Jest Snapshot v1, https://goo.gl/fbAQLP

exports[`PlayerInfo should show the user an input to choose his nickname an a button to start 1`] = `
<div
  className="playerInfo"
>
  Hello! 
</div>
`;
