// Jest Snapshot v1, https://goo.gl/fbAQLP

exports[`Proof should show user the summary reportto the user 1`] = `
<div
  className="game-proof"
>
  1 + 1
   
  = ?
</div>
`;
